// Jest Snapshot v1, https://goo.gl/fbAQLP

exports[`Root 1`] = `
<nav
  className=" mdc-linear-progress mdc-linear-progress--indeterminate"
  role="progressbar"
>
  <div
    className=" mdc-linear-progress__buffering-dots"
  />
  <div
    className=" mdc-linear-progress__buffer"
  />
  <div
    className=" mdc-linear-progress__bar mdc-linear-progress__primary-bar"
  >
    <div
      className=" mdc-linear-progress__bar-inner"
    />
  </div>
  <div
    className=" mdc-linear-progress__bar mdc-linear-progress__secondary-bar"
  >
    <div
      className=" mdc-linear-progress__bar-inner"
    />
  </div>
</nav>
`;
