// Jest Snapshot v1, https://goo.gl/fbAQLP

exports[`PageUnloaded 1`] = `
<nav
  class="mdc-linear-progress mdc-linear-progress--indeterminate"
  role="progressbar"
>
  <div
    class="mdc-linear-progress__buffering-dots"
  />
  <div
    class="mdc-linear-progress__buffer"
  />
  <div
    class="mdc-linear-progress__bar mdc-linear-progress__primary-bar"
  >
    <div
      class="mdc-linear-progress__bar-inner"
    />
  </div>
  <div
    class="mdc-linear-progress__bar mdc-linear-progress__secondary-bar"
  >
    <div
      class="mdc-linear-progress__bar-inner"
    />
  </div>
</nav>
`;
